
Running RQ2 Ablation Study (5 trials per configuration)...
Evaluating ablation configuration: hmm_only...
DEBUG: mse for device 0 is 6.50660347293741e-05, relational_score: 0.009712431905073426
DEBUG: mse for device 1 is 6.797858981140562e-06, relational_score: 0.001019159151351312
DEBUG: mse for device 2 is 7.480288478444254e-06, relational_score: 0.0011214140165872744
DEBUG: mse for device 3 is 7.522365998588145e-06, relational_score: 0.0011277185467648554
DEBUG: mse for device 0 is 8.44824981517321e-05, relational_score: 0.012592418284553597
DEBUG: mse for device 1 is 8.448104363738574e-06, relational_score: 0.0012664130758524017
DEBUG: mse for device 2 is 9.954161401303277e-06, relational_score: 0.0014920100548350135
DEBUG: mse for device 3 is 9.891066281350116e-06, relational_score: 0.0014825598629055747
DEBUG: mse for device 0 is 1.0648002425961837e-06, relational_score: 0.0001597072818234624
DEBUG: mse for device 1 is 2.446398395699981e-08, relational_score: 3.6695908606221295e-06
DEBUG: mse for device 2 is 4.0109048523567947e-07, relational_score: 6.016176299394882e-05
DEBUG: mse for device 3 is 7.595031637451272e-08, relational_score: 1.1392482561323192e-05
DEBUG: mse for device 0 is 9.934640943346724e-08, relational_score: 1.4901850381332515e-05
DEBUG: mse for device 1 is 8.290197495353965e-08, relational_score: 1.2435218925022085e-05
DEBUG: mse for device 2 is 1.927463700602183e-07, relational_score: 2.8911537562459344e-05
DEBUG: mse for device 3 is 1.6077626806236697e-10, relational_score: 2.411643995614554e-08
DEBUG: mse for device 0 is 1.5965685158991297e-07, relational_score: 2.3948240974736024e-05
DEBUG: mse for device 1 is 4.107902810094105e-07, relational_score: 6.161664376802545e-05
DEBUG: mse for device 2 is 4.943963831093234e-07, relational_score: 7.415670772181748e-05
DEBUG: mse for device 3 is 1.0140778562526751e-07, relational_score: 1.5211052154517901e-05
DEBUG: mse for device 0 is 8.640720473805152e-07, relational_score: 0.00012960240798931544
DEBUG: mse for device 1 is 9.072689802603049e-06, relational_score: 0.001359977861198458
DEBUG: mse for device 2 is 2.2512806716313146e-06, relational_score: 0.000337635089184829
DEBUG: mse for device 3 is 1.680064117735958e-06, relational_score: 0.0002519778659040295
DEBUG: mse for device 0 is 0.0003596955764784113, relational_score: 0.05252462941766478
DEBUG: mse for device 1 is 2.8436817725673074e-05, relational_score: 0.004256438238265048
DEBUG: mse for device 2 is 5.754470561180201e-05, relational_score: 0.008594559624143128
DEBUG: mse for device 3 is 5.3026656905848704e-05, relational_score: 0.00792244919274776
DEBUG: mse for device 0 is 3.1074924129380815e-05, relational_score: 0.004650391906257267
DEBUG: mse for device 1 is 1.862142789994252e-05, relational_score: 0.0027893167918455752
DEBUG: mse for device 2 is 1.046224198840634e-05, relational_score: 0.001568105533964359
DEBUG: mse for device 3 is 9.022571581378038e-06, relational_score: 0.001352470323745636
DEBUG: mse for device 0 is 3.792275543104971e-05, relational_score: 0.005672264925717707
DEBUG: mse for device 1 is 1.8822576644948585e-05, relational_score: 0.0028194044895506476
DEBUG: mse for device 2 is 1.226035777970499e-05, relational_score: 0.0018373636439338314
DEBUG: mse for device 3 is 1.1206988451905586e-05, relational_score: 0.0016796360975661617
DEBUG: mse for device 0 is 4.07858472861904e-05, relational_score: 0.00609920098831318
DEBUG: mse for device 1 is 0.00011105725958054496, relational_score: 0.016520601929838397
DEBUG: mse for device 2 is 2.4296149673288634e-05, relational_score: 0.0036377896035718615
DEBUG: mse for device 3 is 3.017001944096158e-05, relational_score: 0.004515278257544608
DEBUG: mse for device 0 is 1.2307660031441585e-05, relational_score: 0.0018444459198531105
DEBUG: mse for device 1 is 6.51535682414684e-05, relational_score: 0.009725434322035098
DEBUG: mse for device 2 is 2.0397084792836704e-05, relational_score: 0.0030548870266501327
DEBUG: mse for device 3 is 2.0307466540602602e-05, relational_score: 0.0030414852647824286
DEBUG: mse for device 0 is 2.1002333278243544e-05, relational_score: 0.0031453928461487868
DEBUG: mse for device 1 is 2.51438659088127e-05, relational_score: 0.0037644764121487206
DEBUG: mse for device 2 is 2.2493326321418674e-05, relational_score: 0.0033683134098924095
DEBUG: mse for device 3 is 2.138292190071306e-05, relational_score: 0.003202299950029519
DEBUG: mse for device 0 is 2.673265959461571e-05, relational_score: 0.0040018700297314025
DEBUG: mse for device 1 is 2.4878762877148535e-05, relational_score: 0.0037248598658357057
DEBUG: mse for device 2 is 2.501486757313354e-05, relational_score: 0.0037451993169727027
DEBUG: mse for device 3 is 2.3738961386648644e-05, relational_score: 0.003554511920586534
DEBUG: mse for device 0 is 1.8217708390349288e-05, relational_score: 0.0027289259520940634
DEBUG: mse for device 1 is 1.8303210095671675e-05, relational_score: 0.0027417161267002665
DEBUG: mse for device 2 is 1.798474582508403e-05, relational_score: 0.002694076319046834
DEBUG: mse for device 3 is 1.6620908140117793e-05, relational_score: 0.0024900309380765373
  [hmm_only] Mean Detection Rate: 0.00%
  [hmm_only] Mean False Positive Rate: 0.00%
  [hmm_only] Mean Latency: -1.00 epochs
  [hmm_only] Mean F1-Score: 0.0000
--------------------------------------------------
Evaluating ablation configuration: temporal_only...
DEBUG: mse for device 0 is 2.3627244225561104e-07, relational_score: 3.5440238318251716e-05
DEBUG: mse for device 1 is 7.505473313685967e-08, relational_score: 1.1258146597081797e-05
DEBUG: mse for device 2 is 5.400439213572975e-07, relational_score: 8.100330725857585e-05
DEBUG: mse for device 0 is 1.9445171401364795e-07, relational_score: 2.9167331727197876e-05
DEBUG: mse for device 1 is 1.0293194177534979e-07, relational_score: 1.5439672073291888e-05
DEBUG: mse for device 2 is 4.927861519694802e-07, relational_score: 7.391519093302712e-05
DEBUG: mse for device 0 is 7.498045048167676e-08, relational_score: 1.1247004324199672e-05
DEBUG: mse for device 1 is 1.145653692118062e-07, relational_score: 1.718465772382327e-05
DEBUG: mse for device 2 is 3.546639676133834e-07, relational_score: 5.319818006865873e-05
DEBUG: mse for device 0 is 2.3208955370831773e-07, relational_score: 3.481282707573641e-05
DEBUG: mse for device 1 is 4.22867771123769e-08, relational_score: 6.342996449970606e-06
DEBUG: mse for device 2 is 4.4956741044587613e-07, relational_score: 6.743283787080667e-05
DEBUG: mse for device 0 is 4.0605110816540654e-07, relational_score: 6.0905811390621345e-05
DEBUG: mse for device 1 is 2.0075548557664366e-08, relational_score: 3.0113277496024438e-06
DEBUG: mse for device 2 is 6.03279875316845e-07, relational_score: 9.048788702170629e-05
DEBUG: mse for device 0 is 1.3957060182299602e-06, relational_score: 0.00020933398931677338
DEBUG: mse for device 1 is 3.2536481637234647e-07, relational_score: 4.880353152481032e-05
DEBUG: mse for device 2 is 2.885511533073261e-06, relational_score: 0.0004327330739846147
DEBUG: mse for device 0 is 1.3741981895657121e-06, relational_score: 0.0002061084851620043
DEBUG: mse for device 1 is 1.2370882026003822e-06, relational_score: 0.00018554601459874753
DEBUG: mse for device 2 is 4.583894834529761e-06, relational_score: 0.0006873478933152599
DEBUG: mse for device 0 is 0.0008731365492046473, relational_score: 0.12275633184648693
DEBUG: mse for device 1 is 0.00022118659069166594, relational_score: 0.032633635923389415
DEBUG: mse for device 2 is 0.0002198622405771581, relational_score: 0.032441447071366425
DEBUG: mse for device 0 is 0.00012029571842692967, relational_score: 0.0178825331427801
DEBUG: mse for device 1 is 0.0010478570575141993, relational_score: 0.14544854234112758
DEBUG: mse for device 2 is 0.000131515360987981, relational_score: 0.01953399413250778
DEBUG: mse for device 3 is 0.00015361072862809792, relational_score: 0.022778178582963382
DEBUG: mse for device 0 is 4.4264341874270275e-05, relational_score: 0.006617657500505469
DEBUG: mse for device 1 is 5.52756254750928e-06, relational_score: 0.0008287907451948184
DEBUG: mse for device 2 is 1.3363277791123504e-05, relational_score: 0.002002484016908057
DEBUG: mse for device 3 is 1.0605231892595435e-05, relational_score: 0.0015895201564471995
DEBUG: mse for device 0 is 3.1386507213036966e-05, relational_score: 0.0046969109341890025
DEBUG: mse for device 1 is 2.4476577063038896e-06, relational_score: 0.00036708126512552397
DEBUG: mse for device 2 is 7.135715268939049e-06, relational_score: 0.0010697846623001217
DEBUG: mse for device 3 is 4.722518600403137e-06, relational_score: 0.0007081269497470899
DEBUG: mse for device 0 is 5.0997810204270874e-05, relational_score: 0.0076204872574928695
DEBUG: mse for device 1 is 7.691161950483753e-06, relational_score: 0.0011530090662286163
DEBUG: mse for device 2 is 2.5327891279630954e-05, relational_score: 0.003791975924348878
DEBUG: mse for device 3 is 2.242491476037231e-05, relational_score: 0.003358086187997822
DEBUG: mse for device 0 is 5.720033715503663e-05, relational_score: 0.008543346987223588
DEBUG: mse for device 1 is 6.091966348249278e-06, relational_score: 0.0009133775687739654
DEBUG: mse for device 2 is 2.6095522766499363e-05, relational_score: 0.0039066774175990915
DEBUG: mse for device 3 is 2.2860883490169134e-05, relational_score: 0.0034232597633355732
DEBUG: mse for device 0 is 6.029570171786876e-06, relational_score: 0.0009040266472353231
DEBUG: mse for device 1 is 3.534510971829571e-05, relational_score: 0.005287736898723638
DEBUG: mse for device 2 is 1.0762016479984643e-05, relational_score: 0.0016130001866172528
DEBUG: mse for device 3 is 7.136169938911444e-06, relational_score: 0.0010698527898338472
DEBUG: mse for device 0 is 2.5333492560700414e-05, relational_score: 0.003792812930169309
DEBUG: mse for device 1 is 6.592648195939491e-05, relational_score: 0.009840237186402256
DEBUG: mse for device 2 is 3.592385276788864e-05, relational_score: 0.005374085571934528
DEBUG: mse for device 3 is 3.40089259959604e-05, relational_score: 0.005088349167838624
DEBUG: mse for device 0 is 5.584662962741609e-05, relational_score: 0.008342005195899005
DEBUG: mse for device 1 is 3.302506094749202e-05, relational_score: 0.00494150951288963
DEBUG: mse for device 2 is 3.611571941988886e-05, relational_score: 0.0054027104916490876
DEBUG: mse for device 3 is 3.4922944144307056e-05, relational_score: 0.005224744913240209
DEBUG: mse for device 0 is 3.210000399538026e-05, relational_score: 0.004803427066894295
DEBUG: mse for device 1 is 3.72769831427151e-05, relational_score: 0.005575943866157673
DEBUG: mse for device 2 is 1.5009556371661322e-05, relational_score: 0.002248900880444493
DEBUG: mse for device 3 is 1.1675006380207607e-05, relational_score: 0.0017497184118281384
DEBUG: mse for device 0 is 4.1980038790579406e-05, relational_score: 0.006277221227125707
DEBUG: mse for device 1 is 3.809073268803507e-05, relational_score: 0.0056973182769092245
DEBUG: mse for device 2 is 2.2023273224772894e-05, relational_score: 0.003298040460945728
DEBUG: mse for device 3 is 1.9966214027464295e-05, relational_score: 0.002990451768848268
DEBUG: mse for device 0 is 4.363774010078909e-05, relational_score: 0.006524284841880501
DEBUG: mse for device 1 is 3.9041226665912284e-06, relational_score: 0.0005854469590014233
DEBUG: mse for device 2 is 1.895079046007382e-05, relational_score: 0.0028385821544147927
DEBUG: mse for device 3 is 1.663164636286735e-05, relational_score: 0.002491637659418955
DEBUG: mse for device 0 is 1.1015828866326828e-05, relational_score: 0.0016510099110995657
DEBUG: mse for device 1 is 3.2216564106327396e-05, relational_score: 0.004820826948227164
DEBUG: mse for device 2 is 1.8118818531716116e-05, relational_score: 0.0027141328430480005
DEBUG: mse for device 3 is 1.5741783763473576e-05, relational_score: 0.0023584819652118227
DEBUG: mse for device 0 is 6.829479556870586e-05, relational_score: 0.010191926040740706
DEBUG: mse for device 1 is 3.448855176904948e-05, relational_score: 0.00515992438356172
DEBUG: mse for device 2 is 2.7985556938633436e-05, relational_score: 0.004189034953550719
DEBUG: mse for device 3 is 2.549973394449577e-05, relational_score: 0.0038176542496426435
DEBUG: mse for device 0 is 5.80308390461722e-05, relational_score: 0.008666850288130412
DEBUG: mse for device 1 is 2.9092510683895324e-06, relational_score: 0.0004362924570123772
DEBUG: mse for device 2 is 1.2126831577373814e-05, relational_score: 0.0018173713138007752
DEBUG: mse for device 3 is 1.037183171179987e-05, relational_score: 0.0015545651665876958
DEBUG: mse for device 0 is 9.091547691803118e-08, relational_score: 1.3637228549856495e-05
DEBUG: mse for device 1 is 1.0073258907891713e-07, relational_score: 1.5109774208044158e-05
DEBUG: mse for device 2 is 5.20620168186896e-07, relational_score: 7.80899760470799e-05
DEBUG: mse for device 3 is 2.2943460436978838e-08, relational_score: 3.4415131435761026e-06
DEBUG: mse for device 0 is 1.995962160421218e-07, relational_score: 2.993898422598562e-05
DEBUG: mse for device 1 is 3.042325844608148e-08, relational_score: 4.563478354202566e-06
DEBUG: mse for device 2 is 5.109516150431716e-07, relational_score: 7.66398052765016e-05
DEBUG: mse for device 3 is 2.3663395469326466e-08, relational_score: 3.549503020949807e-06
DEBUG: mse for device 0 is 3.0813415757755194e-07, relational_score: 4.6219055503171624e-05
DEBUG: mse for device 1 is 2.074283461991405e-07, relational_score: 3.1113767886559174e-05
DEBUG: mse for device 2 is 7.952137988052289e-07, relational_score: 0.00011927495599750593
DEBUG: mse for device 3 is 1.4049688233381221e-08, relational_score: 2.1074510143659353e-06
DEBUG: mse for device 0 is 1.6268285494040356e-07, relational_score: 2.4402130504252995e-05
DEBUG: mse for device 1 is 3.910251545197728e-07, relational_score: 5.865205307908905e-05
DEBUG: mse for device 2 is 8.448439679722793e-07, relational_score: 0.00012671856572010753
DEBUG: mse for device 3 is 1.271778170254494e-08, relational_score: 1.907665435840755e-06
DEBUG: mse for device 0 is 1.0256770387952136e-07, relational_score: 1.538503723097495e-05
DEBUG: mse for device 1 is 2.0591057516157849e-07, relational_score: 3.088610928858593e-05
DEBUG: mse for device 2 is 6.017903684232563e-07, relational_score: 9.026448117999131e-05
DEBUG: mse for device 3 is 1.105394816013058e-08, relational_score: 1.658090849399052e-06
DEBUG: mse for device 0 is 2.2377142174072279e-07, relational_score: 3.35651499389078e-05
DEBUG: mse for device 1 is 2.2025558557741438e-07, relational_score: 3.303779207675106e-05
DEBUG: mse for device 2 is 7.382454594445965e-07, relational_score: 0.00011073068782152529
DEBUG: mse for device 3 is 1.7430047258206287e-08, relational_score: 2.6145036708946634e-06
DEBUG: mse for device 0 is 5.671611647955897e-07, relational_score: 8.507055601436608e-05
DEBUG: mse for device 1 is 1.236098725717304e-06, relational_score: 0.00018539762059421871
DEBUG: mse for device 2 is 1.619029049758633e-06, relational_score: 0.00024282487073135073
DEBUG: mse for device 3 is 3.937034538962687e-07, relational_score: 5.905377434167747e-05
DEBUG: mse for device 0 is 1.3755712772490665e-06, relational_score: 0.0002063144058426225
DEBUG: mse for device 1 is 1.2888708949986317e-06, relational_score: 0.00019331194708704924
DEBUG: mse for device 2 is 2.1569411380715717e-06, relational_score: 0.00032348883691035724
DEBUG: mse for device 3 is 5.331857318213083e-07, relational_score: 7.99746616294561e-05
DEBUG: mse for device 0 is 1.893852824058192e-06, relational_score: 0.00028403757729600354
DEBUG: mse for device 1 is 4.657020224183068e-05, relational_score: 0.0069611882330486985
DEBUG: mse for device 2 is 1.503875910501457e-05, relational_score: 0.0022532714297671674
DEBUG: mse for device 3 is 1.3711950023349661e-05, relational_score: 0.0020546787552301327
DEBUG: mse for device 0 is 1.823345188040279e-05, relational_score: 0.00273128102839848
DEBUG: mse for device 1 is 4.7759171739119915e-05, relational_score: 0.007138276369672125
DEBUG: mse for device 2 is 1.724437255393107e-05, relational_score: 0.002583313371357865
DEBUG: mse for device 3 is 1.5521468822213973e-05, relational_score: 0.002325512120567086
DEBUG: mse for device 0 is 1.7674728291898608e-05, relational_score: 0.0026476978923521965
DEBUG: mse for device 1 is 4.924328090784967e-05, relational_score: 0.00735927904745004
DEBUG: mse for device 2 is 1.7422412852583043e-05, relational_score: 0.0026099500703909984
DEBUG: mse for device 3 is 1.567561098677435e-05, relational_score: 0.0023485794096561596
DEBUG: mse for device 0 is 2.1200382392910197e-05, relational_score: 0.003175006332137076
DEBUG: mse for device 1 is 1.7009246826654496e-05, relational_score: 0.0025481350024348925
DEBUG: mse for device 2 is 1.2571607152075995e-05, relational_score: 0.0018839641802098628
DEBUG: mse for device 3 is 1.004194633068518e-05, relational_score: 0.0015051580612778226
DEBUG: mse for device 0 is 6.501227720302201e-06, relational_score: 0.0009747088205007692
DEBUG: mse for device 1 is 4.3851203949817976e-05, relational_score: 0.0065560950051148925
DEBUG: mse for device 2 is 2.2118130137992566e-05, relational_score: 0.003312221970746654
DEBUG: mse for device 3 is 1.8858771830930248e-05, relational_score: 0.002824818445420485
DEBUG: mse for device 0 is 1.2777110050651199e-05, relational_score: 0.0019147310667774198
DEBUG: mse for device 1 is 5.3940275576442615e-05, relational_score: 0.008058396963167569
DEBUG: mse for device 2 is 2.9973010707516233e-05, relational_score: 0.004485859945242754
DEBUG: mse for device 3 is 2.7173891090456162e-05, relational_score: 0.0040677877100467885
DEBUG: mse for device 0 is 4.0583296034530834e-05, relational_score: 0.006069003151940033
DEBUG: mse for device 1 is 4.023294526638677e-05, relational_score: 0.006016768106173798
DEBUG: mse for device 2 is 3.4716435531442675e-05, relational_score: 0.00519392998727064
DEBUG: mse for device 3 is 3.0731443188959104e-05, relational_score: 0.004599108042225963
DEBUG: mse for device 0 is 3.7504575090395503e-05, relational_score: 0.005609891722848315
DEBUG: mse for device 1 is 4.1001088951941735e-05, relational_score: 0.006131289799832351
DEBUG: mse for device 2 is 2.7404510522662147e-05, relational_score: 0.004102239312349765
DEBUG: mse for device 3 is 2.401636891973581e-05, relational_score: 0.003595974280638403
  [temporal_only] Mean Detection Rate: 0.00%
  [temporal_only] Mean False Positive Rate: 10.00%
  [temporal_only] Mean Latency: -1.00 epochs
  [temporal_only] Mean F1-Score: 0.0000
--------------------------------------------------
Evaluating ablation configuration: graph_lstm_only...
DEBUG: mse for device 0 is 1.3912775758991844e-08, relational_score: 2.086914186238964e-06
DEBUG: mse for device 1 is 3.787084576501995e-08, relational_score: 5.680610730030011e-06
DEBUG: mse for device 2 is 9.688742988034164e-08, relational_score: 1.453300887688247e-05
DEBUG: mse for device 3 is 4.2679334495778783e-10, relational_score: 6.401899965702285e-08
DEBUG: mse for device 0 is 4.463345795386784e-08, relational_score: 6.694996281475518e-06
DEBUG: mse for device 1 is 3.2228804103560386e-08, relational_score: 4.834308930279363e-06
DEBUG: mse for device 2 is 1.2925613755634357e-07, relational_score: 1.9388232679218298e-05
DEBUG: mse for device 3 is 4.832515145172913e-10, relational_score: 7.248772460055619e-08
DEBUG: mse for device 0 is 4.512658128446311e-08, relational_score: 6.7689642830881525e-06
DEBUG: mse for device 1 is 2.530662260895898e-08, relational_score: 3.7959861866054823e-06
DEBUG: mse for device 2 is 1.3717867790587877e-07, relational_score: 2.057658998499967e-05
DEBUG: mse for device 3 is 5.826699517753813e-10, relational_score: 8.740048895727881e-08
DEBUG: mse for device 0 is 5.359993340377127e-08, relational_score: 8.03995768994259e-06
DEBUG: mse for device 1 is 4.963806359310781e-08, relational_score: 7.445681819762129e-06
DEBUG: mse for device 2 is 1.9113847210550028e-07, relational_score: 2.8670359813243174e-05
DEBUG: mse for device 3 is 1.401334730638485e-09, relational_score: 2.1020018747819336e-07
DEBUG: mse for device 0 is 8.63352505398416e-07, relational_score: 0.00012949449067434227
DEBUG: mse for device 1 is 5.724067832953889e-07, relational_score: 8.585733154264918e-05
DEBUG: mse for device 2 is 1.0758728525821362e-06, relational_score: 0.00016136790668586087
DEBUG: mse for device 3 is 4.452033824014859e-07, relational_score: 6.677827759182797e-05
DEBUG: mse for device 0 is 1.7922586889642319e-06, relational_score: 0.00026880266943163367
DEBUG: mse for device 1 is 9.498301343442673e-07, relational_score: 0.00014246437113918375
DEBUG: mse for device 2 is 1.9027012220917125e-06, relational_score: 0.0002853644591288562
DEBUG: mse for device 3 is 8.590642933427239e-07, relational_score: 0.00012885134195406156
DEBUG: mse for device 0 is 3.4603230003366623e-06, relational_score: 0.0005189137677069633
DEBUG: mse for device 1 is 1.4529366191121049e-06, relational_score: 0.00021791674556281837
DEBUG: mse for device 2 is 3.0341435555879667e-06, relational_score: 0.00045501798124336634
DEBUG: mse for device 3 is 1.714115560919315e-06, relational_score: 0.0002570842823089725
DEBUG: mse for device 0 is 2.037706154241425e-05, relational_score: 0.003051892709905246
DEBUG: mse for device 1 is 8.968888981905372e-06, relational_score: 0.001344428792066421
DEBUG: mse for device 2 is 1.415670055893927e-05, relational_score: 0.002121252041984434
DEBUG: mse for device 3 is 1.3328773111349414e-05, relational_score: 0.0019973186658353015
DEBUG: mse for device 0 is 1.8901581506002897e-05, relational_score: 0.00283122173668815
DEBUG: mse for device 1 is 8.116820851495235e-06, relational_score: 0.0012167822471512713
DEBUG: mse for device 2 is 1.2702640004518225e-05, relational_score: 0.0019035818861031784
DEBUG: mse for device 3 is 1.2565608159346334e-05, relational_score: 0.0018830660261793808
DEBUG: mse for device 0 is 1.4709916328240383e-05, relational_score: 0.002204054945229683
DEBUG: mse for device 1 is 6.7352586580659266e-06, relational_score: 0.0010097786288022492
DEBUG: mse for device 2 is 1.0319270597846368e-05, relational_score: 0.0015466932249144083
DEBUG: mse for device 3 is 9.953633011345873e-06, relational_score: 0.001491930914592765
DEBUG: mse for device 0 is 8.487123360274758e-06, relational_score: 0.0012722584961015748
DEBUG: mse for device 1 is 4.263947984394409e-06, relational_score: 0.000639387702169758
DEBUG: mse for device 2 is 6.6243711105431676e-06, relational_score: 0.0009931621542635938
DEBUG: mse for device 3 is 5.863059096475283e-06, relational_score: 0.0008790722538685181
DEBUG: mse for device 0 is 8.529095535459539e-06, relational_score: 0.0012785462926673263
DEBUG: mse for device 1 is 4.661087524375101e-06, relational_score: 0.0006989187710679801
DEBUG: mse for device 2 is 6.875373130054459e-06, relational_score: 0.001030774356274522
DEBUG: mse for device 3 is 6.087089666800281e-06, relational_score: 0.0009126467344270361
DEBUG: mse for device 0 is 7.204340021230338e-05, relational_score: 0.01074832946719273
DEBUG: mse for device 1 is 4.182716950457652e-06, relational_score: 0.0006272107636120516
DEBUG: mse for device 2 is 1.8078576692647506e-05, relational_score: 0.0027081129322733544
DEBUG: mse for device 3 is 2.2993561927051356e-05, relational_score: 0.0034430932025938388
DEBUG: mse for device 0 is 6.697622386361018e-05, relational_score: 0.00999613674124189
DEBUG: mse for device 1 is 8.363670462612188e-06, relational_score: 0.0012537639498120257
DEBUG: mse for device 2 is 1.7063874498010917e-05, relational_score: 0.0025563082398496473
DEBUG: mse for device 3 is 2.161203045891546e-05, relational_score: 0.0032365555939882773
DEBUG: mse for device 0 is 1.1276529442370204e-05, relational_score: 0.0016900496712892732
DEBUG: mse for device 1 is 4.85082196500578e-05, relational_score: 0.007249825252885755
DEBUG: mse for device 2 is 5.929565903598154e-06, relational_score: 0.0008890394555770564
DEBUG: mse for device 3 is 6.7649514970217045e-06, relational_score: 0.0010142280472578147
DEBUG: mse for device 0 is 1.5539796938003804e-05, relational_score: 0.0023282549408268904
DEBUG: mse for device 1 is 1.6856580808665037e-06, relational_score: 0.000252816748588347
DEBUG: mse for device 2 is 5.514578503020759e-06, relational_score: 0.000826844750784983
DEBUG: mse for device 3 is 4.828431599782896e-06, relational_score: 0.0007240025235691894
DEBUG: mse for device 0 is 7.83418558337634e-06, relational_score: 0.0011744376451704452
DEBUG: mse for device 1 is 8.959814423075974e-07, relational_score: 0.00013438818544486697
DEBUG: mse for device 2 is 3.0076044165529983e-06, relational_score: 0.0004510389138357995
DEBUG: mse for device 3 is 2.309704083967549e-06, relational_score: 0.00034639560377969225
DEBUG: mse for device 0 is 5.489078477768131e-06, relational_score: 0.000823022902372128
DEBUG: mse for device 1 is 7.350321376349324e-06, relational_score: 0.0011019406234956675
DEBUG: mse for device 2 is 6.773774058522341e-06, relational_score: 0.0010155500883947122
DEBUG: mse for device 3 is 6.043699271116695e-06, relational_score: 0.0009061440939285292
DEBUG: mse for device 0 is 6.63110724223009e-06, relational_score: 0.0009941715699960385
DEBUG: mse for device 1 is 1.2368751008131552e-05, relational_score: 0.001853592622597544
DEBUG: mse for device 2 is 8.873801522404295e-06, relational_score: 0.0013301847473069506
DEBUG: mse for device 3 is 8.296108286573003e-06, relational_score: 0.0012436422781710865
DEBUG: mse for device 0 is 1.6481342093252988e-06, relational_score: 0.00024718957502023464
DEBUG: mse for device 1 is 8.515137495410117e-05, relational_score: 0.012691481418776962
DEBUG: mse for device 2 is 1.842243948045589e-05, relational_score: 0.002759551340962174
DEBUG: mse for device 3 is 2.3185020832263895e-05, relational_score: 0.0034717127457855046
  [graph_lstm_only] Mean Detection Rate: 0.00%
  [graph_lstm_only] Mean False Positive Rate: 0.00%
  [graph_lstm_only] Mean Latency: -1.00 epochs
  [graph_lstm_only] Mean F1-Score: 0.0000
--------------------------------------------------
Evaluating ablation configuration: full...
  [full] Mean Detection Rate: 0.00%
  [full] Mean False Positive Rate: 30.00%
  [full] Mean Latency: -1.00 epochs
  [full] Mean F1-Score: 0.0000
--------------------------------------------------
